
R version 3.1.2 (2014-10-31) -- "Pumpkin Helmet"
Copyright (C) 2014 The R Foundation for Statistical Computing
Platform: x86_64-apple-darwin13.4.0 (64-bit)

R es un software libre y viene sin GARANTIA ALGUNA.
Usted puede redistribuirlo bajo ciertas circunstancias.
Escriba 'license()' o 'licence()' para detalles de distribucion.

R es un proyecto colaborativo con muchos contribuyentes.
Escriba 'contributors()' para obtener m'as informaci'on y
'citation()' para saber c'omo citar R o paquetes de R en publicaciones.

Escriba 'demo()' para demostraciones, 'help()' para el sistema on-line de ayuda,
o 'help.start()' para abrir el sistema de ayuda HTML con su navegador.
Escriba 'q()' para salir de R.

Durante la inicializaci'on - Mensajes de aviso perdidos
1: Setting LC_CTYPE failed, using "C" 
2: Setting LC_COLLATE failed, using "C" 
3: Setting LC_TIME failed, using "C" 
4: Setting LC_MESSAGES failed, using "C" 
5: Setting LC_MONETARY failed, using "C" 
[R.app GUI 1.65 (6833) x86_64-apple-darwin13.4.0]

WARNING: You're using a non-UTF8 locale, therefore only ASCII characters will work.
Please read R for Mac OS X FAQ (see Help) section 9 and adjust your system preferences accordingly.
[History restored from /Users/alumnomatlab/.Rapp.history]

> library (DESeq2)
Error en library(DESeq2) : there is no package called 'DESeq2'
> source("http://bioconductor.org/biocLite.R")
Installing package into '/Users/alumnomatlab/Library/R/3.1/library'
(as 'lib' is unspecified)
probando la URL 'http://www.bioconductor.org/packages/3.0/bioc/bin/macosx/mavericks/contrib/3.1/BiocInstaller_1.16.1.tgz'
Content type 'application/x-gzip' length 49535 bytes (48 Kb)
URL abierta
==================================================
downloaded 48 Kb

tar: Failed to set default locale

The downloaded binary packages are in
	/var/folders/jb/ftmxjprn6nsf47yj1vblnqxc0000gq/T//RtmpdbXGBC/downloaded_packages
Bioconductor version 3.0 (BiocInstaller 1.16.1), ?biocLite for help
> biocLite("DESeq2")
BioC_mirror: http://bioconductor.org
Using Bioconductor version 3.0 (BiocInstaller 1.16.1), R version 3.1.2.
Installing package(s) 'DESeq2'
also installing the dependencies 'base64enc', 'colorspace', 'iterators', 'brew', 'checkmate', 'DBI', 'fail', 'RSQLite', 'sendmailR', 'stringr', 'XML', 'xtable', 'dichromat', 'munsell', 'labeling', 'GenomeInfoDb', 'XVector', 'foreach', 'BatchJobs', 'BBmisc', 'AnnotationDbi', 'annotate', 'RColorBrewer', 'plyr', 'digest', 'gtable', 'reshape2', 'scales', 'proto', 'Formula', 'latticeExtra', 'acepack', 'S4Vectors', 'IRanges', 'GenomicRanges', 'Rcpp', 'RcppArmadillo', 'BiocGenerics', 'Biobase', 'BiocParallel', 'genefilter', 'locfit', 'geneplotter', 'ggplot2', 'Hmisc'

probando la URL 'http://cran.fhcrc.org/bin/macosx/mavericks/contrib/3.1/base64enc_0.1-2.tgz'
Content type 'application/x-gzip' length 22654 bytes (22 Kb)
URL abierta
==================================================
downloaded 22 Kb

probando la URL 'http://cran.fhcrc.org/bin/macosx/mavericks/contrib/3.1/colorspace_1.2-4.tgz'
Content type 'application/x-gzip' length 390832 bytes (381 Kb)
URL abierta
==================================================
downloaded 381 Kb

probando la URL 'http://cran.fhcrc.org/bin/macosx/mavericks/contrib/3.1/iterators_1.0.7.tgz'
Content type 'application/x-gzip' length 309616 bytes (302 Kb)
URL abierta
==================================================
downloaded 302 Kb

probando la URL 'http://cran.fhcrc.org/bin/macosx/mavericks/contrib/3.1/brew_1.0-6.tgz'
Content type 'application/x-gzip' length 98041 bytes (95 Kb)
URL abierta
==================================================
downloaded 95 Kb

probando la URL 'http://cran.fhcrc.org/bin/macosx/mavericks/contrib/3.1/checkmate_1.5.1.tgz'
Content type 'application/x-gzip' length 280000 bytes (273 Kb)
URL abierta
==================================================
downloaded 273 Kb

probando la URL 'http://cran.fhcrc.org/bin/macosx/mavericks/contrib/3.1/DBI_0.3.1.tgz'
Content type 'application/x-gzip' length 155855 bytes (152 Kb)
URL abierta
==================================================
downloaded 152 Kb

probando la URL 'http://cran.fhcrc.org/bin/macosx/mavericks/contrib/3.1/fail_1.2.tgz'
Content type 'application/x-gzip' length 40403 bytes (39 Kb)
URL abierta
==================================================
downloaded 39 Kb

probando la URL 'http://cran.fhcrc.org/bin/macosx/mavericks/contrib/3.1/RSQLite_1.0.0.tgz'
Content type 'application/x-gzip' length 1946274 bytes (1.9 Mb)
URL abierta
==================================================
downloaded 1.9 Mb

probando la URL 'http://cran.fhcrc.org/bin/macosx/mavericks/contrib/3.1/sendmailR_1.2-1.tgz'
Content type 'application/x-gzip' length 28288 bytes (27 Kb)
URL abierta
==================================================
downloaded 27 Kb

probando la URL 'http://cran.fhcrc.org/bin/macosx/mavericks/contrib/3.1/stringr_0.6.2.tgz'
Content type 'application/x-gzip' length 72797 bytes (71 Kb)
URL abierta
==================================================
downloaded 71 Kb

probando la URL 'http://cran.fhcrc.org/bin/macosx/mavericks/contrib/3.1/XML_3.98-1.1.tgz'
Content type 'application/x-gzip' length 1897453 bytes (1.8 Mb)
URL abierta
==================================================
downloaded 1.8 Mb

probando la URL 'http://cran.fhcrc.org/bin/macosx/mavericks/contrib/3.1/xtable_1.7-4.tgz'
Content type 'application/x-gzip' length 378604 bytes (369 Kb)
URL abierta
==================================================
downloaded 369 Kb

probando la URL 'http://cran.fhcrc.org/bin/macosx/mavericks/contrib/3.1/dichromat_2.0-0.tgz'
Content type 'application/x-gzip' length 145443 bytes (142 Kb)
URL abierta
==================================================
downloaded 142 Kb

probando la URL 'http://cran.fhcrc.org/bin/macosx/mavericks/contrib/3.1/munsell_0.4.2.tgz'
Content type 'application/x-gzip' length 126670 bytes (123 Kb)
URL abierta
==================================================
downloaded 123 Kb

probando la URL 'http://cran.fhcrc.org/bin/macosx/mavericks/contrib/3.1/labeling_0.3.tgz'
Content type 'application/x-gzip' length 39351 bytes (38 Kb)
URL abierta
==================================================
downloaded 38 Kb

probando la URL 'http://bioconductor.org/packages/3.0/bioc/bin/macosx/mavericks/contrib/3.1/GenomeInfoDb_1.2.4.tgz'
Content type 'application/x-gzip' length 407626 bytes (398 Kb)
URL abierta
==================================================
downloaded 398 Kb

probando la URL 'http://bioconductor.org/packages/3.0/bioc/bin/macosx/mavericks/contrib/3.1/XVector_0.6.0.tgz'
Content type 'application/x-gzip' length 343748 bytes (335 Kb)
URL abierta
==================================================
downloaded 335 Kb

probando la URL 'http://cran.fhcrc.org/bin/macosx/mavericks/contrib/3.1/foreach_1.4.2.tgz'
Content type 'application/x-gzip' length 382280 bytes (373 Kb)
URL abierta
==================================================
downloaded 373 Kb

probando la URL 'http://cran.fhcrc.org/bin/macosx/mavericks/contrib/3.1/BatchJobs_1.5.tgz'
Content type 'application/x-gzip' length 409105 bytes (399 Kb)
URL abierta
==================================================
downloaded 399 Kb

probando la URL 'http://cran.fhcrc.org/bin/macosx/mavericks/contrib/3.1/BBmisc_1.8.tgz'
Content type 'application/x-gzip' length 276656 bytes (270 Kb)
URL abierta
==================================================
downloaded 270 Kb

probando la URL 'http://bioconductor.org/packages/3.0/bioc/bin/macosx/mavericks/contrib/3.1/AnnotationDbi_1.28.1.tgz'
Content type 'application/x-gzip' length 4640495 bytes (4.4 Mb)
URL abierta
==================================================
downloaded 4.4 Mb

probando la URL 'http://bioconductor.org/packages/3.0/bioc/bin/macosx/mavericks/contrib/3.1/annotate_1.44.0.tgz'
Content type 'application/x-gzip' length 1977600 bytes (1.9 Mb)
URL abierta
==================================================
downloaded 1.9 Mb

probando la URL 'http://cran.fhcrc.org/bin/macosx/mavericks/contrib/3.1/RColorBrewer_1.1-2.tgz'
Content type 'application/x-gzip' length 24237 bytes (23 Kb)
URL abierta
==================================================
downloaded 23 Kb

probando la URL 'http://cran.fhcrc.org/bin/macosx/mavericks/contrib/3.1/plyr_1.8.1.tgz'
Content type 'application/x-gzip' length 867981 bytes (847 Kb)
URL abierta
==================================================
downloaded 847 Kb

probando la URL 'http://cran.fhcrc.org/bin/macosx/mavericks/contrib/3.1/digest_0.6.8.tgz'
Content type 'application/x-gzip' length 127819 bytes (124 Kb)
URL abierta
==================================================
downloaded 124 Kb

probando la URL 'http://cran.fhcrc.org/bin/macosx/mavericks/contrib/3.1/gtable_0.1.2.tgz'
Content type 'application/x-gzip' length 63139 bytes (61 Kb)
URL abierta
==================================================
downloaded 61 Kb

probando la URL 'http://cran.fhcrc.org/bin/macosx/mavericks/contrib/3.1/reshape2_1.4.1.tgz'
Content type 'application/x-gzip' length 205467 bytes (200 Kb)
URL abierta
==================================================
downloaded 200 Kb

probando la URL 'http://cran.fhcrc.org/bin/macosx/mavericks/contrib/3.1/scales_0.2.4.tgz'
Content type 'application/x-gzip' length 155337 bytes (151 Kb)
URL abierta
==================================================
downloaded 151 Kb

probando la URL 'http://cran.fhcrc.org/bin/macosx/mavericks/contrib/3.1/proto_0.3-10.tgz'
Content type 'application/x-gzip' length 455140 bytes (444 Kb)
URL abierta
==================================================
downloaded 444 Kb

probando la URL 'http://cran.fhcrc.org/bin/macosx/mavericks/contrib/3.1/Formula_1.2-0.tgz'
Content type 'application/x-gzip' length 158684 bytes (154 Kb)
URL abierta
==================================================
downloaded 154 Kb

probando la URL 'http://cran.fhcrc.org/bin/macosx/mavericks/contrib/3.1/latticeExtra_0.6-26.tgz'
Content type 'application/x-gzip' length 2066325 bytes (2.0 Mb)
URL abierta
==================================================
downloaded 2.0 Mb

probando la URL 'http://cran.fhcrc.org/bin/macosx/mavericks/contrib/3.1/acepack_1.3-3.3.tgz'
Content type 'application/x-gzip' length 74508 bytes (72 Kb)
URL abierta
==================================================
downloaded 72 Kb

probando la URL 'http://bioconductor.org/packages/3.0/bioc/bin/macosx/mavericks/contrib/3.1/S4Vectors_0.4.0.tgz'
Content type 'application/x-gzip' length 665528 bytes (649 Kb)
URL abierta
==================================================
downloaded 649 Kb

probando la URL 'http://bioconductor.org/packages/3.0/bioc/bin/macosx/mavericks/contrib/3.1/IRanges_2.0.1.tgz'
Content type 'application/x-gzip' length 1578782 bytes (1.5 Mb)
URL abierta
==================================================
downloaded 1.5 Mb

probando la URL 'http://bioconductor.org/packages/3.0/bioc/bin/macosx/mavericks/contrib/3.1/GenomicRanges_1.18.4.tgz'
Content type 'application/x-gzip' length 1230796 bytes (1.2 Mb)
URL abierta
==================================================
downloaded 1.2 Mb

probando la URL 'http://cran.fhcrc.org/bin/macosx/mavericks/contrib/3.1/Rcpp_0.11.3.tgz'
Content type 'application/x-gzip' length 2777839 bytes (2.6 Mb)
URL abierta
==================================================
downloaded 2.6 Mb

probando la URL 'http://cran.fhcrc.org/bin/macosx/mavericks/contrib/3.1/RcppArmadillo_0.4.600.0.tgz'
Content type 'application/x-gzip' length 1216318 bytes (1.2 Mb)
URL abierta
==================================================
downloaded 1.2 Mb

probando la URL 'http://bioconductor.org/packages/3.0/bioc/bin/macosx/mavericks/contrib/3.1/BiocGenerics_0.12.1.tgz'
Content type 'application/x-gzip' length 423567 bytes (413 Kb)
URL abierta
==================================================
downloaded 413 Kb

probando la URL 'http://bioconductor.org/packages/3.0/bioc/bin/macosx/mavericks/contrib/3.1/Biobase_2.26.0.tgz'
Content type 'application/x-gzip' length 2147773 bytes (2.0 Mb)
URL abierta
==================================================
downloaded 2.0 Mb

probando la URL 'http://bioconductor.org/packages/3.0/bioc/bin/macosx/mavericks/contrib/3.1/BiocParallel_1.0.0.tgz'
Content type 'application/x-gzip' length 402292 bytes (392 Kb)
URL abierta
==================================================
downloaded 392 Kb

probando la URL 'http://bioconductor.org/packages/3.0/bioc/bin/macosx/mavericks/contrib/3.1/genefilter_1.48.1.tgz'
Content type 'application/x-gzip' length 1374692 bytes (1.3 Mb)
URL abierta
==================================================
downloaded 1.3 Mb

probando la URL 'http://cran.fhcrc.org/bin/macosx/mavericks/contrib/3.1/locfit_1.5-9.1.tgz'
Content type 'application/x-gzip' length 599835 bytes (585 Kb)
URL abierta
==================================================
downloaded 585 Kb

probando la URL 'http://bioconductor.org/packages/3.0/bioc/bin/macosx/mavericks/contrib/3.1/geneplotter_1.44.0.tgz'
Content type 'application/x-gzip' length 1462261 bytes (1.4 Mb)
URL abierta
==================================================
downloaded 1.4 Mb

probando la URL 'http://cran.fhcrc.org/bin/macosx/mavericks/contrib/3.1/ggplot2_1.0.0.tgz'
Content type 'application/x-gzip' length 2671874 bytes (2.5 Mb)
URL abierta
==================================================
downloaded 2.5 Mb

probando la URL 'http://cran.fhcrc.org/bin/macosx/mavericks/contrib/3.1/Hmisc_3.14-6.tgz'
Content type 'application/x-gzip' length 1579215 bytes (1.5 Mb)
URL abierta
==================================================
downloaded 1.5 Mb

probando la URL 'http://bioconductor.org/packages/3.0/bioc/bin/macosx/mavericks/contrib/3.1/DESeq2_1.6.3.tgz'
Content type 'application/x-gzip' length 1337306 bytes (1.3 Mb)
URL abierta
==================================================
downloaded 1.3 Mb

tar: Failed to set default locale
tar: Failed to set default locale
tar: Failed to set default locale
tar: Failed to set default locale
tar: Failed to set default locale
tar: Failed to set default locale
tar: Failed to set default locale
tar: Failed to set default locale
tar: Failed to set default locale
tar: Failed to set default locale
tar: Failed to set default locale
tar: Failed to set default locale
tar: Failed to set default locale
tar: Failed to set default locale
tar: Failed to set default locale
tar: Failed to set default locale
tar: Failed to set default locale
tar: Failed to set default locale
tar: Failed to set default locale
tar: Failed to set default locale
tar: Failed to set default locale
tar: Failed to set default locale
tar: Failed to set default locale
tar: Failed to set default locale
tar: Failed to set default locale
tar: Failed to set default locale
tar: Failed to set default locale
tar: Failed to set default locale
tar: Failed to set default locale
tar: Failed to set default locale
tar: Failed to set default locale
tar: Failed to set default locale
tar: Failed to set default locale
tar: Failed to set default locale
tar: Failed to set default locale
tar: Failed to set default locale
tar: Failed to set default locale
tar: Failed to set default locale
tar: Failed to set default locale
tar: Failed to set default locale
tar: Failed to set default locale
tar: Failed to set default locale
tar: Failed to set default locale
tar: Failed to set default locale
tar: Failed to set default locale
tar: Failed to set default locale

The downloaded binary packages are in
	/var/folders/jb/ftmxjprn6nsf47yj1vblnqxc0000gq/T//RtmpdbXGBC/downloaded_packages
Mensajes de aviso perdidos
installed directory not writable, cannot update packages 'MASS', 'Matrix',
  'boot', 'codetools', 'foreign', 'mgcv', 'nlme' 
> library(DESeq2)
Loading required package: S4Vectors
Loading required package: stats4
Loading required package: BiocGenerics
Loading required package: parallel

Attaching package: 'BiocGenerics'

The following objects are masked from 'package:parallel':

    clusterApply, clusterApplyLB, clusterCall, clusterEvalQ,
    clusterExport, clusterMap, parApply, parCapply, parLapply,
    parLapplyLB, parRapply, parSapply, parSapplyLB

The following object is masked from 'package:stats':

    xtabs

The following objects are masked from 'package:base':

    Filter, Find, Map, Position, Reduce, anyDuplicated, append,
    as.data.frame, as.vector, cbind, colnames, do.call, duplicated,
    eval, evalq, get, intersect, is.unsorted, lapply, mapply, match,
    mget, order, paste, pmax, pmax.int, pmin, pmin.int, rank, rbind,
    rep.int, rownames, sapply, setdiff, sort, table, tapply, union,
    unique, unlist, unsplit

Loading required package: IRanges
Loading required package: GenomicRanges
Loading required package: GenomeInfoDb
Loading required package: Rcpp
Loading required package: RcppArmadillo
> data <- read.table("./data/Phel_countdata.txt", header = T, sep = "\t")
Error en file(file, "rt") : no se puede abrir la conexi'on
Adem'as: Mensajes de aviso perdidos
In file(file, "rt") :
  no fue posible abrir el archivo './data/Phel_countdata.txt': No such file or directory
> rownames(data) <- data$Feature
Error en data$Feature : objeto de tipo 'closure' no es subconjunto
> data <- data[,-1]
Error en data[, -1] : objeto de tipo 'closure' no es subconjunto
> data <- read.table("./data/Phel_countdata.txt", header = T, sep = "\t")
Error en file(file, "rt") : no se puede abrir la conexi'on
Adem'as: Mensajes de aviso perdidos
In file(file, "rt") :
  no fue posible abrir el archivo './data/Phel_countdata.txt': No such file or directory
> rownames(data) <- data$Feature
Error en data$Feature : objeto de tipo 'closure' no es subconjunto
> data <- data[,-1]
Error en data[, -1] : objeto de tipo 'closure' no es subconjunto
> data <- read.table("/Users/alumnomatlab/Desktop/Phel_countdata.txt", header = T, sep = "\t")
> rownames(data) <- data$Feature
> data <- data[,-1]
> head(data)
                  Treated_FHL...Total.gene.reads Treated_PH...Total.gene.reads
Phel_contig_1                                168                            37
Phel_contig_10                              9518                          2752
Phel_contig_100                              260                           565
Phel_contig_1000                            2043                          3842
Phel_contig_10000                              9                            12
Phel_contig_10001                             44                           225
                  Treated_L...Total.gene.reads Control_FHL...Total.gene.reads
Phel_contig_1                                8                             89
Phel_contig_10                             839                             22
Phel_contig_100                            413                            616
Phel_contig_1000                          3070                           4311
Phel_contig_10000                           13                             32
Phel_contig_10001                           89                             90
                  Control_DB...Total.gene.reads Control_PH...Total.gene.reads
Phel_contig_1                                28                            38
Phel_contig_10                               42                           180
Phel_contig_100                            1234                          6104
Phel_contig_1000                           8527                         31946
Phel_contig_10000                            21                           211
Phel_contig_10001                            54                           365
> deseq2.colData <- data.frame(condition=factor(c(rep("Treated", 3), rep("Control", 3))), 
+                              type=factor(rep("single-read", 6)))
> rownames(deseq2.colData) <- colnames(data)
> deseq2.dds <- DESeqDataSetFromMatrix(countData = data,
+                                      colData = deseq2.colData, 
+                                      design = ~ condition)
> head(data)
                  Treated_FHL...Total.gene.reads Treated_PH...Total.gene.reads
Phel_contig_1                                168                            37
Phel_contig_10                              9518                          2752
Phel_contig_100                              260                           565
Phel_contig_1000                            2043                          3842
Phel_contig_10000                              9                            12
Phel_contig_10001                             44                           225
                  Treated_L...Total.gene.reads Control_FHL...Total.gene.reads
Phel_contig_1                                8                             89
Phel_contig_10                             839                             22
Phel_contig_100                            413                            616
Phel_contig_1000                          3070                           4311
Phel_contig_10000                           13                             32
Phel_contig_10001                           89                             90
                  Control_DB...Total.gene.reads Control_PH...Total.gene.reads
Phel_contig_1                                28                            38
Phel_contig_10                               42                           180
Phel_contig_100                            1234                          6104
Phel_contig_1000                           8527                         31946
Phel_contig_10000                            21                           211
Phel_contig_10001                            54                           365
> deseq2.dds <- DESeq(deseq2.dds)
estimating size factors
estimating dispersions
gene-wise dispersion estimates
mean-dispersion relationship
final dispersion estimates
fitting model and testing
> head(deseq2.res)
> deseq2.res <- results(deseq2.dds)
> deseq2.res <- deseq2.res[order(rownames(deseq2.res)), ]
> > head(deseq2.res)
Error: inesperado '>' in ">"
> head(deseq2.res)
log2 fold change (MAP): condition Treated vs Control 
Wald test p-value: condition Treated vs Control 
DataFrame with 6 rows and 6 columns
                    baseMean log2FoldChange     lfcSE        stat       pvalue
                   <numeric>      <numeric> <numeric>   <numeric>    <numeric>
Phel_contig_1      114.07829     1.70853680 1.0308134  1.65746471 9.742556e-02
Phel_contig_10    5492.70960     7.88777506 0.8122784  9.71067903 2.715222e-22
Phel_contig_100    786.08744     0.01623696 0.3240782  0.05010197 9.600411e-01
Phel_contig_1000  5406.89996     0.21235951 0.3503452  0.60614356 5.444194e-01
Phel_contig_10000   24.76992    -0.20358362 0.6406348 -0.31778422 7.506486e-01
Phel_contig_10001  136.22441     1.62711085 0.6055468  2.68701107 7.209456e-03
                          padj
                     <numeric>
Phel_contig_1     2.637165e-01
Phel_contig_10    1.361579e-19
Phel_contig_100   9.827995e-01
Phel_contig_1000  7.473825e-01
Phel_contig_10000 8.786997e-01
Phel_contig_10001 4.104668e-02
> dim(deseq2.res[!is.na(deseq2.res$padj) & deseq2.res$padj <= 0.05, ])
[1] 3660    6
> tmp <- deseq2.res
> plot(tmp$baseMean, tmp$log2FoldChange, pch=20, cex=0.45, ylim=c(-3, 3), log="x", col="darkgray",
+      main="DEG Virus Exposure  (pval <= 0.05)",
+      xlab="mean of normalized counts",
+      ylab="Log2 Fold Change")
> tmp.sig <- deseq2.res[!is.na(deseq2.res$padj) & deseq2.res$padj <= 0.05, ]
> points(tmp.sig$baseMean, tmp.sig$log2FoldChange, pch=20, cex=0.45, col="red")
> abline(h=c(-1,1), col="blue")
> write.table(tmp.sig, "./wd/Phel_DEGlist.tab", row.names = T)
Error en file(file, ifelse(append, "a", "w")) : 
  no se puede abrir la conexi'on
Adem'as: Mensajes de aviso perdidos
In file(file, ifelse(append, "a", "w")) :
  no fue posible abrir el archivo './wd/Phel_DEGlist.tab': No such file or directory
> write.table(tmp.sig, "/Users/alumnomatlab/Desktop/Phel_DEGlist.tab", row.names = T)
> head /Users/alumnomatlab/Desktop/Phel_DEGlist.tab
Error: objeto 'Users' no encontrado
> head ./Users/alumnomatlab/Desktop/Phel_DEGlist.tab
Error: inesperado s'imbolo in "head ."
> head(Phel_DEGlist.tab)
Error en head(Phel_DEGlist.tab) : 
  error in evaluating the argument 'x' in selecting a method for function 'head': Error: objeto 'Phel_DEGlist.tab' no encontrado
> 